// Jest Snapshot v1, https://goo.gl/fbAQLP

exports[`User renders correctly 1`] = `
<DocumentFragment>
  <li
    class="sc-fzozJi jEWWTR"
  >
    <div
      class="sc-AxhCb bWMbKK"
      id="1"
    >
      <p
        class="sc-AxhUy bThcWD"
      >
        Test Person
      </p>
      <p
        class="sc-AxgMl eyrKYH"
      >
        1/10/2014
      </p>
    </div>
    <div
      class="sc-AxheI kSIgOR"
    >
      <button
        class="sc-AxjAm sc-AxmLO bgXSKk"
        data-testid="toggle-user-status-button_1"
      >
        <svg
          fill="none"
          height="1em"
          stroke="currentColor"
          stroke-linecap="round"
          stroke-linejoin="round"
          stroke-width="2"
          viewBox="0 0 24 24"
          width="1em"
          xmlns="http://www.w3.org/2000/svg"
        >
          <rect
            height="11"
            rx="2"
            ry="2"
            width="18"
            x="3"
            y="11"
          />
          <path
            d="M7 11V7a5 5 0 0 1 10 0v4"
          />
        </svg>
      </button>
      <a
        class="sc-AxirZ sc-Axmtr eQgWKs"
        data-testid="edit-user-button_1"
        href="/edit/1"
      >
        <svg
          fill="none"
          height="1em"
          stroke="currentColor"
          stroke-linecap="round"
          stroke-linejoin="round"
          stroke-width="2"
          viewBox="0 0 24 24"
          width="1em"
          xmlns="http://www.w3.org/2000/svg"
        >
          <path
            d="M17 3a2.828 2.828 0 1 1 4 4L7.5 20.5 2 22l1.5-5.5L17 3z"
          />
        </svg>
      </a>
    </div>
  </li>
</DocumentFragment>
`;
